data: {"type": "status", "status": "processing", "agent": "Triage Agent", "message": "Analyzing symptoms with Gemini..."}

data: {"type": "status", "status": "processing", "agent": "Triage Agent", "message": "Severity classified as MEDIUM: Gemini call failed: 403 Generative Language API has not been used in project 41908868755 before or it is disabled. Enable it by visiting https://console.developers.google.com/apis/api/generativelanguage.googleapis.com/overview?project=41908868755 then retry. If you enabled this API recently, wait a few minutes for the action to propagate to our systems and retry. [reason: \"SERVICE_DISABLED\"\ndomain: \"googleapis.com\"\nmetadata {\n  key: \"service\"\n  value: \"generativelanguage.googleapis.com\"\n}\nmetadata {\n  key: \"serviceTitle\"\n  value: \"Generative Language API\"\n}\nmetadata {\n  key: \"containerInfo\"\n  value: \"41908868755\"\n}\nmetadata {\n  key: \"consumer\"\n  value: \"projects/41908868755\"\n}\nmetadata {\n  key: \"activationUrl\"\n  value: \"https://console.developers.google.com/apis/api/generativelanguage.googleapis.com/overview?project=41908868755\"\n}\n, locale: \"en-US\"\nmessage: \"Generative Language API has not been used in project 41908868755 before or it is disabled. Enable it by visiting https://console.developers.google.com/apis/api/generativelanguage.googleapis.com/overview?project=41908868755 then retry. If you enabled this API recently, wait a few minutes for the action to propagate to our systems and retry.\"\n, links {\n  description: \"Google developers console API activation\"\n  url: \"https://console.developers.google.com/apis/api/generativelanguage.googleapis.com/overview?project=41908868755\"\n}\n]"}

data: {"type": "status", "status": "processing", "agent": "Maps Agent", "message": "Severity is manageable -- hospital search not needed."}

data: {"type": "final", "severity": "MEDIUM", "reason": "Gemini call failed: 403 Generative Language API has not been used in project 41908868755 before or it is disabled. Enable it by visiting https://console.developers.google.com/apis/api/generativelanguage.googleapis.com/overview?project=41908868755 then retry. If you enabled this API recently, wait a few minutes for the action to propagate to our systems and retry. [reason: \"SERVICE_DISABLED\"\ndomain: \"googleapis.com\"\nmetadata {\n  key: \"service\"\n  value: \"generativelanguage.googleapis.com\"\n}\nmetadata {\n  key: \"serviceTitle\"\n  value: \"Generative Language API\"\n}\nmetadata {\n  key: \"containerInfo\"\n  value: \"41908868755\"\n}\nmetadata {\n  key: \"consumer\"\n  value: \"projects/41908868755\"\n}\nmetadata {\n  key: \"activationUrl\"\n  value: \"https://console.developers.google.com/apis/api/generativelanguage.googleapis.com/overview?project=41908868755\"\n}\n, locale: \"en-US\"\nmessage: \"Generative Language API has not been used in project 41908868755 before or it is disabled. Enable it by visiting https://console.developers.google.com/apis/api/generativelanguage.googleapis.com/overview?project=41908868755 then retry. If you enabled this API recently, wait a few minutes for the action to propagate to our systems and retry.\"\n, links {\n  description: \"Google developers console API activation\"\n  url: \"https://console.developers.google.com/apis/api/generativelanguage.googleapis.com/overview?project=41908868755\"\n}\n]", "response": "I encountered an issue processing your symptoms. Please describe them again.", "map_trigger": false, "emergency_flag": false, "emergency_dispatched": false, "hospitals": []}


